[2026-09-22 02:36:26,422] [INFO] [MainProcess] [4331] [base.py:211]  task_output_path: /data/w00933206/ops/flash-linear-attention-npu/atk_output_prepare_stable_scope/b2412_2416/accuracy/atk_output/atk_chunk_gated_delta_rule_fwd_prepare_2026-09-22-10-36-26-327047
[2026-09-22 02:36:26,422] [INFO] [MainProcess] [4331] [base.py:182]  start atk task: namespace(case='./atk_chunk_gated_delta_rule_fwd_prepare.json', task=['accuracy'], bm_device=<BenchmarkDevice.CPU: 'cpu'>, plugin_path='./executor_chunk_gated_delta_rule_fwd_prepare.py', start=2412, end=2416, single_process=True, timeout=200, resume_csv=None, fast_case=None, slice_input=None, slice_input_ratio=None, nodes=None, log='info', celery_log='warning', save_data=None, print_data='', acl_json='', white_list=None, black_list=None, random_nums=None, random_align_32b_nums=None, syc_dataset=False, mssanitizer=False, ms_log_path=None, max_task=100, trace=False, db_timeout=None, db_path=None, xrun_whl=None, bind_cpu_type='3', boundary_filter='default', keyword_filter=None, cpp_func_signature_type_path=False, triton_ut_path=None, atb_api_path=None, input_data=None, experimental_config_path=None, bm_output_path=None, bm_output_path_adr='', use_golden_value_as_remote=False, sqlite_web_port='8881', loop_nums=1, disable_id_seed=False, dc_loop_nums=50, performance_data=[], atc_config=None, get_tiling_key_path=None, need_time=True, gm_init_flag=False, fluctuation_check=False, report_flush_case_num=200, replace_inf_with_dtype_bound=False, clean_l2_cache=False, enable_custom_data=False, nodes_list=[{'name': 'npu_dut', 'backend': <NodeType.NPU: 'npu'>, 'devices': [0], 'output_path': '/data/w00933206/ops/flash-linear-attention-npu/atk_output_prepare_stable_scope/b2412_2416/accuracy', 'host': '127.0.0.1', 'port': 9090, 'task': None, 'run_modes': None, 'is_compare': True, 'is_bm': False, 'is_dist': False, 'dist_backend': 'hccl', 'bm_file': None, 'fusion_flag': False}, {'name': 'cpu_golden', 'backend': <NodeType.CPU: 'cpu'>, 'output_path': '/data/w00933206/ops/flash-linear-attention-npu/atk_output_prepare_stable_scope/b2412_2416/accuracy', 'devices': None, 'host': '127.0.0.1', 'port': 9090, 'task': None, 'run_modes': None, 'is_compare': True, 'is_bm': False, 'is_dist': False, 'dist_backend': 'hccl', 'bm_file': None, 'fusion_flag': False}])
[2026-09-22 02:36:26,449] [INFO] [MainProcess] [4331] [base.py:231]  start single process run
[2026-09-22 02:36:26,451] [INFO] [MainProcess] [4331] [registry.py:76]  executor_chunk_gated_delta_rule_fwd_prepare is already registered, repeated registration will coverage it, new module path is executor_chunk_gated_delta_rule_fwd_prepare
[2026-09-22 02:36:26,451] [INFO] [MainProcess] [4331] [registry.py:76]  executor_chunk_gated_delta_rule_fwd_prepare is already registered, repeated registration will coverage it, new module path is executor_chunk_gated_delta_rule_fwd_prepare
[2026-09-22 02:36:26,492] [INFO] [MainProcess] [4331] [single_process_main.py:233]  report api name: atk_chunk_gated_delta_rule_fwd_prepare
[2026-09-22 02:36:26,494] [INFO] [MainProcess] [4331] [opp_tasks.py:232]  [case 2412] start CREATE DATASET.
[2026-09-22 02:36:26,499] [INFO] [MainProcess] [4331] [opp_tasks.py:255]  [case 2412] SUCCESS CREATE DATASET.
[2026-09-22 02:36:26,500] [INFO] [MainProcess] [4331] [opp_tasks.py:370]  [case 2412] start run NPU OPP TASK.
[2026-09-22 02:36:28,212] [INFO] [MainProcess] [4331] [opp_executor.py:397]  [case 2412][RUN OPP TASK] START Init by input data.
[2026-09-22 02:36:28,212] [INFO] [MainProcess] [4331] [opp_executor.py:399]  [case 2412][RUN OPP TASK] SUCCESS Init by input data.
[2026-09-22 02:36:28,212] [INFO] [MainProcess] [4331] [opp_executor.py:76]  [case 2412][RUN OPP TASK] Start Execute OPP on ['accuracy']
[2026-09-22 02:36:28,295] [INFO] [MainProcess] [4331] [patch_getenv.py:15]  get env FLA_NPU_OPP_PATH = /root/miniconda3/envs/py311/lib/python3.11/site-packages/fla_npu/opp
[2026-09-22 02:36:28,295] [INFO] [MainProcess] [4331] [patch_getenv.py:15]  get env ASCEND_CUSTOM_OPP_PATH = /root/miniconda3/envs/py311/lib/python3.11/site-packages/fla_npu/opp/vendors/fla_npu_transformer:/root/miniconda3/envs/py311/lib/python3.11/site-packages/fla_npu/opp/vendors/fla_npu_transformer:/root/miniconda3/envs/py311/lib/python3.11/site-packages/fla_npu/opp:/root/miniconda3/envs/py311/lib/python3.11/site-packages/fla_npu/opp/vendors/fla_npu_transformer
[2026-09-22 02:36:28,456] [INFO] [MainProcess] [4331] [opp_executor.py:102]  [case 2412][RUN OPP TASK] SUCCESS Execute OPP.
[2026-09-22 02:36:28,738] [INFO] [MainProcess] [4331] [opp_tasks.py:397]  [case 2412] SUCCESS run NPU OPP TASK.
[2026-09-22 02:36:28,739] [INFO] [MainProcess] [4331] [opp_tasks.py:370]  [case 2412] start run CPU OPP TASK.
[2026-09-22 02:36:28,740] [INFO] [MainProcess] [4331] [opp_tasks.py:317]  [case 2412] Use Single bm standard, inputs will set to upper dtype (Only support fp16/bf16)
[2026-09-22 02:36:28,740] [INFO] [MainProcess] [4331] [opp_executor.py:397]  [case 2412][RUN OPP TASK] START Init by input data.
[2026-09-22 02:36:28,740] [INFO] [MainProcess] [4331] [opp_executor.py:399]  [case 2412][RUN OPP TASK] SUCCESS Init by input data.
[2026-09-22 02:36:28,740] [INFO] [MainProcess] [4331] [opp_executor.py:76]  [case 2412][RUN OPP TASK] Start Execute OPP on ['accuracy']
[2026-09-22 02:36:28,982] [INFO] [MainProcess] [4331] [opp_executor.py:102]  [case 2412][RUN OPP TASK] SUCCESS Execute OPP.
[2026-09-22 02:36:29,245] [INFO] [MainProcess] [4331] [opp_tasks.py:397]  [case 2412] SUCCESS run CPU OPP TASK.
[2026-09-22 02:36:29,246] [INFO] [MainProcess] [4331] [opp_tasks.py:180]  [case 2412] start POST PROCESS, task:['accuracy'].
[2026-09-22 02:36:29,247] [INFO] [MainProcess] [4331] [opp_tasks.py:183]  [case 2412] use mixed_tolerance_bm Standard.
[2026-09-22 02:36:29,890] [INFO] [MainProcess] [4331] [opp_tasks.py:225]  [case 2412] SUCCESS POST PROCESS.
[2026-09-22 02:36:29,898] [INFO] [MainProcess] [4331] [reports.py:156]  
+----------------+-------------------------+----------------------------+--------------------------+-----------------------------+----------+
|    id_2412     | npu_npu_dut_input_bytes | cpu_cpu_golden_input_bytes | npu_npu_dut_output_bytes | cpu_cpu_golden_output_bytes | accuracy |
+----------------+-------------------------+----------------------------+--------------------------+-----------------------------+----------+
|  npu_npu_dut   |           None          |            None            |           None           |             None            |    -     |
| cpu_cpu_golden |                         |                            |                          |                             |   True   |
+----------------+-------------------------+----------------------------+--------------------------+-----------------------------+----------+
[2026-09-22 02:36:29,899] [INFO] [MainProcess] [4331] [opp_tasks.py:127]  [case 2412] start cleanup case artifacts, reason=celery_clean.
[2026-09-22 02:36:29,904] [INFO] [MainProcess] [4331] [opp_tasks.py:140]  [case 2412] SUCCESS cleanup case artifacts, reason=celery_clean.
[2026-09-22 02:36:29,905] [INFO] [MainProcess] [4331] [single_process_main.py:233]  report api name: atk_chunk_gated_delta_rule_fwd_prepare
[2026-09-22 02:36:29,906] [INFO] [MainProcess] [4331] [opp_tasks.py:232]  [case 2413] start CREATE DATASET.
[2026-09-22 02:36:29,907] [INFO] [MainProcess] [4331] [opp_tasks.py:255]  [case 2413] SUCCESS CREATE DATASET.
[2026-09-22 02:36:29,908] [INFO] [MainProcess] [4331] [opp_tasks.py:370]  [case 2413] start run NPU OPP TASK.
[2026-09-22 02:36:29,909] [INFO] [MainProcess] [4331] [opp_executor.py:397]  [case 2413][RUN OPP TASK] START Init by input data.
[2026-09-22 02:36:29,909] [INFO] [MainProcess] [4331] [opp_executor.py:399]  [case 2413][RUN OPP TASK] SUCCESS Init by input data.
[2026-09-22 02:36:29,909] [INFO] [MainProcess] [4331] [opp_executor.py:76]  [case 2413][RUN OPP TASK] Start Execute OPP on ['accuracy']
[2026-09-22 02:36:30,112] [INFO] [MainProcess] [4331] [opp_executor.py:102]  [case 2413][RUN OPP TASK] SUCCESS Execute OPP.
[2026-09-22 02:36:30,377] [INFO] [MainProcess] [4331] [opp_tasks.py:397]  [case 2413] SUCCESS run NPU OPP TASK.
[2026-09-22 02:36:30,378] [INFO] [MainProcess] [4331] [opp_tasks.py:370]  [case 2413] start run CPU OPP TASK.
[2026-09-22 02:36:30,379] [INFO] [MainProcess] [4331] [opp_tasks.py:317]  [case 2413] Use Single bm standard, inputs will set to upper dtype (Only support fp16/bf16)
[2026-09-22 02:36:30,379] [INFO] [MainProcess] [4331] [opp_executor.py:397]  [case 2413][RUN OPP TASK] START Init by input data.
[2026-09-22 02:36:30,379] [INFO] [MainProcess] [4331] [opp_executor.py:399]  [case 2413][RUN OPP TASK] SUCCESS Init by input data.
[2026-09-22 02:36:30,379] [INFO] [MainProcess] [4331] [opp_executor.py:76]  [case 2413][RUN OPP TASK] Start Execute OPP on ['accuracy']
[2026-09-22 02:36:30,556] [INFO] [MainProcess] [4331] [opp_executor.py:102]  [case 2413][RUN OPP TASK] SUCCESS Execute OPP.
[2026-09-22 02:36:30,858] [INFO] [MainProcess] [4331] [opp_tasks.py:397]  [case 2413] SUCCESS run CPU OPP TASK.
[2026-09-22 02:36:30,859] [INFO] [MainProcess] [4331] [opp_tasks.py:180]  [case 2413] start POST PROCESS, task:['accuracy'].
[2026-09-22 02:36:30,860] [INFO] [MainProcess] [4331] [opp_tasks.py:183]  [case 2413] use mixed_tolerance_bm Standard.
[2026-09-22 02:36:31,250] [INFO] [MainProcess] [4331] [opp_tasks.py:225]  [case 2413] SUCCESS POST PROCESS.
[2026-09-22 02:36:31,252] [INFO] [MainProcess] [4331] [reports.py:156]  
+----------------+-------------------------+----------------------------+--------------------------+-----------------------------+----------+
|    id_2413     | npu_npu_dut_input_bytes | cpu_cpu_golden_input_bytes | npu_npu_dut_output_bytes | cpu_cpu_golden_output_bytes | accuracy |
+----------------+-------------------------+----------------------------+--------------------------+-----------------------------+----------+
|  npu_npu_dut   |           None          |            None            |           None           |             None            |    -     |
| cpu_cpu_golden |                         |                            |                          |                             |   True   |
+----------------+-------------------------+----------------------------+--------------------------+-----------------------------+----------+
[2026-09-22 02:36:31,253] [INFO] [MainProcess] [4331] [opp_tasks.py:127]  [case 2413] start cleanup case artifacts, reason=celery_clean.
[2026-09-22 02:36:31,260] [INFO] [MainProcess] [4331] [opp_tasks.py:140]  [case 2413] SUCCESS cleanup case artifacts, reason=celery_clean.
[2026-09-22 02:36:31,260] [INFO] [MainProcess] [4331] [single_process_main.py:233]  report api name: atk_chunk_gated_delta_rule_fwd_prepare
[2026-09-22 02:36:31,262] [INFO] [MainProcess] [4331] [opp_tasks.py:232]  [case 2414] start CREATE DATASET.
[2026-09-22 02:36:31,263] [INFO] [MainProcess] [4331] [opp_tasks.py:255]  [case 2414] SUCCESS CREATE DATASET.
[2026-09-22 02:36:31,263] [INFO] [MainProcess] [4331] [opp_tasks.py:370]  [case 2414] start run NPU OPP TASK.
[2026-09-22 02:36:31,264] [INFO] [MainProcess] [4331] [opp_executor.py:397]  [case 2414][RUN OPP TASK] START Init by input data.
[2026-09-22 02:36:31,264] [INFO] [MainProcess] [4331] [opp_executor.py:399]  [case 2414][RUN OPP TASK] SUCCESS Init by input data.
[2026-09-22 02:36:31,264] [INFO] [MainProcess] [4331] [opp_executor.py:76]  [case 2414][RUN OPP TASK] Start Execute OPP on ['accuracy']
[2026-09-22 02:36:31,357] [INFO] [MainProcess] [4331] [opp_executor.py:102]  [case 2414][RUN OPP TASK] SUCCESS Execute OPP.
[2026-09-22 02:36:32,009] [INFO] [MainProcess] [4331] [opp_tasks.py:397]  [case 2414] SUCCESS run NPU OPP TASK.
[2026-09-22 02:36:32,011] [INFO] [MainProcess] [4331] [opp_tasks.py:370]  [case 2414] start run CPU OPP TASK.
[2026-09-22 02:36:32,012] [INFO] [MainProcess] [4331] [opp_tasks.py:317]  [case 2414] Use Single bm standard, inputs will set to upper dtype (Only support fp16/bf16)
[2026-09-22 02:36:32,012] [INFO] [MainProcess] [4331] [opp_executor.py:397]  [case 2414][RUN OPP TASK] START Init by input data.
[2026-09-22 02:36:32,012] [INFO] [MainProcess] [4331] [opp_executor.py:399]  [case 2414][RUN OPP TASK] SUCCESS Init by input data.
[2026-09-22 02:36:32,012] [INFO] [MainProcess] [4331] [opp_executor.py:76]  [case 2414][RUN OPP TASK] Start Execute OPP on ['accuracy']
[2026-09-22 02:36:32,163] [INFO] [MainProcess] [4331] [opp_executor.py:102]  [case 2414][RUN OPP TASK] SUCCESS Execute OPP.
[2026-09-22 02:36:32,448] [INFO] [MainProcess] [4331] [opp_tasks.py:397]  [case 2414] SUCCESS run CPU OPP TASK.
[2026-09-22 02:36:32,449] [INFO] [MainProcess] [4331] [opp_tasks.py:180]  [case 2414] start POST PROCESS, task:['accuracy'].
[2026-09-22 02:36:32,449] [INFO] [MainProcess] [4331] [opp_tasks.py:183]  [case 2414] use mixed_tolerance_bm Standard.
[2026-09-22 02:36:33,052] [INFO] [MainProcess] [4331] [opp_tasks.py:225]  [case 2414] SUCCESS POST PROCESS.
[2026-09-22 02:36:33,056] [INFO] [MainProcess] [4331] [reports.py:156]  
+----------------+-------------------------+----------------------------+--------------------------+-----------------------------+----------+
|    id_2414     | npu_npu_dut_input_bytes | cpu_cpu_golden_input_bytes | npu_npu_dut_output_bytes | cpu_cpu_golden_output_bytes | accuracy |
+----------------+-------------------------+----------------------------+--------------------------+-----------------------------+----------+
|  npu_npu_dut   |           None          |            None            |           None           |             None            |    -     |
| cpu_cpu_golden |                         |                            |                          |                             |   True   |
+----------------+-------------------------+----------------------------+--------------------------+-----------------------------+----------+
[2026-09-22 02:36:33,057] [INFO] [MainProcess] [4331] [opp_tasks.py:127]  [case 2414] start cleanup case artifacts, reason=celery_clean.
[2026-09-22 02:36:33,068] [INFO] [MainProcess] [4331] [opp_tasks.py:140]  [case 2414] SUCCESS cleanup case artifacts, reason=celery_clean.
[2026-09-22 02:36:33,068] [INFO] [MainProcess] [4331] [single_process_main.py:233]  report api name: atk_chunk_gated_delta_rule_fwd_prepare
[2026-09-22 02:36:33,069] [INFO] [MainProcess] [4331] [opp_tasks.py:232]  [case 2415] start CREATE DATASET.
[2026-09-22 02:36:33,071] [INFO] [MainProcess] [4331] [opp_tasks.py:255]  [case 2415] SUCCESS CREATE DATASET.
[2026-09-22 02:36:33,072] [INFO] [MainProcess] [4331] [opp_tasks.py:370]  [case 2415] start run NPU OPP TASK.
[2026-09-22 02:36:33,073] [INFO] [MainProcess] [4331] [opp_executor.py:397]  [case 2415][RUN OPP TASK] START Init by input data.
[2026-09-22 02:36:33,073] [INFO] [MainProcess] [4331] [opp_executor.py:399]  [case 2415][RUN OPP TASK] SUCCESS Init by input data.
[2026-09-22 02:36:33,073] [INFO] [MainProcess] [4331] [opp_executor.py:76]  [case 2415][RUN OPP TASK] Start Execute OPP on ['accuracy']
[2026-09-22 02:36:33,339] [INFO] [MainProcess] [4331] [opp_executor.py:102]  [case 2415][RUN OPP TASK] SUCCESS Execute OPP.
[2026-09-22 02:36:33,836] [INFO] [MainProcess] [4331] [opp_tasks.py:397]  [case 2415] SUCCESS run NPU OPP TASK.
[2026-09-22 02:36:33,838] [INFO] [MainProcess] [4331] [opp_tasks.py:370]  [case 2415] start run CPU OPP TASK.
[2026-09-22 02:36:33,840] [INFO] [MainProcess] [4331] [opp_tasks.py:317]  [case 2415] Use Single bm standard, inputs will set to upper dtype (Only support fp16/bf16)
[2026-09-22 02:36:33,840] [INFO] [MainProcess] [4331] [opp_executor.py:397]  [case 2415][RUN OPP TASK] START Init by input data.
[2026-09-22 02:36:33,840] [INFO] [MainProcess] [4331] [opp_executor.py:399]  [case 2415][RUN OPP TASK] SUCCESS Init by input data.
[2026-09-22 02:36:33,840] [INFO] [MainProcess] [4331] [opp_executor.py:76]  [case 2415][RUN OPP TASK] Start Execute OPP on ['accuracy']
[2026-09-22 02:36:34,689] [INFO] [MainProcess] [4331] [opp_executor.py:102]  [case 2415][RUN OPP TASK] SUCCESS Execute OPP.
[2026-09-22 02:36:35,040] [INFO] [MainProcess] [4331] [opp_tasks.py:397]  [case 2415] SUCCESS run CPU OPP TASK.
[2026-09-22 02:36:35,041] [INFO] [MainProcess] [4331] [opp_tasks.py:180]  [case 2415] start POST PROCESS, task:['accuracy'].
[2026-09-22 02:36:35,042] [INFO] [MainProcess] [4331] [opp_tasks.py:183]  [case 2415] use mixed_tolerance_bm Standard.
[2026-09-22 02:36:35,234] [INFO] [MainProcess] [4331] [opp_tasks.py:225]  [case 2415] SUCCESS POST PROCESS.
[2026-09-22 02:36:35,237] [INFO] [MainProcess] [4331] [reports.py:156]  
+----------------+-------------------------+----------------------------+--------------------------+-----------------------------+----------+
|    id_2415     | npu_npu_dut_input_bytes | cpu_cpu_golden_input_bytes | npu_npu_dut_output_bytes | cpu_cpu_golden_output_bytes | accuracy |
+----------------+-------------------------+----------------------------+--------------------------+-----------------------------+----------+
|  npu_npu_dut   |           None          |            None            |           None           |             None            |    -     |
| cpu_cpu_golden |                         |                            |                          |                             |   True   |
+----------------+-------------------------+----------------------------+--------------------------+-----------------------------+----------+
[2026-09-22 02:36:35,237] [INFO] [MainProcess] [4331] [opp_tasks.py:127]  [case 2415] start cleanup case artifacts, reason=celery_clean.
[2026-09-22 02:36:35,249] [INFO] [MainProcess] [4331] [opp_tasks.py:140]  [case 2415] SUCCESS cleanup case artifacts, reason=celery_clean.
[2026-09-22 02:36:35,254] [INFO] [MainProcess] [4331] [csv_report.py:872]  
+----------------+----------+------------------+------------------+--------------+----------------------+--------+--------------+
|      名称      | 总用例数 | 执行成功用例个数 | 执行失败用例个数 | 通过用例个数 | 错误信息匹配用例个数 | 通过率 | 精度是否达标 |
+----------------+----------+------------------+------------------+--------------+----------------------+--------+--------------+
| cpu_cpu_golden |    4     |        4         |        0         |      4       |          0           | 100.0  |     Pass     |
+----------------+----------+------------------+------------------+--------------+----------------------+--------+--------------+
[2026-09-22 02:36:35,255] [INFO] [MainProcess] [4331] [csv_report.py:741]  Total Task: 4, success 4, failed 0
[2026-09-22 02:36:35,255] [INFO] [MainProcess] [4331] [csv_report.py:742]  Summary info: acc_pass_result:Pass	is_acc_dc_pass:None	is_e2e_perf_pass:None	is_benchmark_perf_pass:None	is_device_perf_pass:None	is_device_memory_pass:None	is_memory_check_pass:None .
[2026-09-22 02:36:35,270] [INFO] [MainProcess] [4331] [csv_report.py:911]  save result excel file: /data/w00933206/ops/flash-linear-attention-npu/atk_output_prepare_stable_scope/b2412_2416/accuracy/atk_output/atk_chunk_gated_delta_rule_fwd_prepare_2026-09-22-10-36-26-327047/report/atk_chunk_gated_delta_rule_fwd_prepare_reports_2026-09-22-02-36-26.xlsx
[2026-09-22 02:36:35,271] [INFO] [MainProcess] [4331] [base.py:246]  atk task success!
[2026-09-22 02:36:35,280] [INFO] [MainProcess] [4331] [base.py:250]  atk task finish. cost time: 8 s
