[2026-09-22 02:36:01,767] [INFO] [MainProcess] [3081] [base.py:211]  task_output_path: /data/w00933206/ops/flash-linear-attention-npu/atk_output_prepare_stable_scope/b2400_2412/accuracy/atk_output/atk_chunk_gated_delta_rule_fwd_prepare_2026-09-22-10-36-01-644483
[2026-09-22 02:36:01,768] [INFO] [MainProcess] [3081] [base.py:182]  start atk task: namespace(case='./atk_chunk_gated_delta_rule_fwd_prepare.json', task=['accuracy'], bm_device=<BenchmarkDevice.CPU: 'cpu'>, plugin_path='./executor_chunk_gated_delta_rule_fwd_prepare.py', start=2400, end=2412, single_process=True, timeout=200, resume_csv=None, fast_case=None, slice_input=None, slice_input_ratio=None, nodes=None, log='info', celery_log='warning', save_data=None, print_data='', acl_json='', white_list=None, black_list=None, random_nums=None, random_align_32b_nums=None, syc_dataset=False, mssanitizer=False, ms_log_path=None, max_task=100, trace=False, db_timeout=None, db_path=None, xrun_whl=None, bind_cpu_type='3', boundary_filter='default', keyword_filter=None, cpp_func_signature_type_path=False, triton_ut_path=None, atb_api_path=None, input_data=None, experimental_config_path=None, bm_output_path=None, bm_output_path_adr='', use_golden_value_as_remote=False, sqlite_web_port='8881', loop_nums=1, disable_id_seed=False, dc_loop_nums=50, performance_data=[], atc_config=None, get_tiling_key_path=None, need_time=True, gm_init_flag=False, fluctuation_check=False, report_flush_case_num=200, replace_inf_with_dtype_bound=False, clean_l2_cache=False, enable_custom_data=False, nodes_list=[{'name': 'npu_dut', 'backend': <NodeType.NPU: 'npu'>, 'devices': [0], 'output_path': '/data/w00933206/ops/flash-linear-attention-npu/atk_output_prepare_stable_scope/b2400_2412/accuracy', 'host': '127.0.0.1', 'port': 9090, 'task': None, 'run_modes': None, 'is_compare': True, 'is_bm': False, 'is_dist': False, 'dist_backend': 'hccl', 'bm_file': None, 'fusion_flag': False}, {'name': 'cpu_golden', 'backend': <NodeType.CPU: 'cpu'>, 'output_path': '/data/w00933206/ops/flash-linear-attention-npu/atk_output_prepare_stable_scope/b2400_2412/accuracy', 'devices': None, 'host': '127.0.0.1', 'port': 9090, 'task': None, 'run_modes': None, 'is_compare': True, 'is_bm': False, 'is_dist': False, 'dist_backend': 'hccl', 'bm_file': None, 'fusion_flag': False}])
[2026-09-22 02:36:01,795] [INFO] [MainProcess] [3081] [base.py:231]  start single process run
[2026-09-22 02:36:01,797] [INFO] [MainProcess] [3081] [registry.py:76]  executor_chunk_gated_delta_rule_fwd_prepare is already registered, repeated registration will coverage it, new module path is executor_chunk_gated_delta_rule_fwd_prepare
[2026-09-22 02:36:01,797] [INFO] [MainProcess] [3081] [registry.py:76]  executor_chunk_gated_delta_rule_fwd_prepare is already registered, repeated registration will coverage it, new module path is executor_chunk_gated_delta_rule_fwd_prepare
[2026-09-22 02:36:01,839] [INFO] [MainProcess] [3081] [single_process_main.py:233]  report api name: atk_chunk_gated_delta_rule_fwd_prepare
[2026-09-22 02:36:01,841] [INFO] [MainProcess] [3081] [opp_tasks.py:232]  [case 2400] start CREATE DATASET.
[2026-09-22 02:36:01,846] [INFO] [MainProcess] [3081] [opp_tasks.py:255]  [case 2400] SUCCESS CREATE DATASET.
[2026-09-22 02:36:01,847] [INFO] [MainProcess] [3081] [opp_tasks.py:370]  [case 2400] start run NPU OPP TASK.
[2026-09-22 02:36:03,808] [INFO] [MainProcess] [3081] [opp_executor.py:397]  [case 2400][RUN OPP TASK] START Init by input data.
[2026-09-22 02:36:03,809] [INFO] [MainProcess] [3081] [opp_executor.py:399]  [case 2400][RUN OPP TASK] SUCCESS Init by input data.
[2026-09-22 02:36:03,809] [INFO] [MainProcess] [3081] [opp_executor.py:76]  [case 2400][RUN OPP TASK] Start Execute OPP on ['accuracy']
[2026-09-22 02:36:03,894] [INFO] [MainProcess] [3081] [patch_getenv.py:15]  get env FLA_NPU_OPP_PATH = /root/miniconda3/envs/py311/lib/python3.11/site-packages/fla_npu/opp
[2026-09-22 02:36:03,894] [INFO] [MainProcess] [3081] [patch_getenv.py:15]  get env ASCEND_CUSTOM_OPP_PATH = /root/miniconda3/envs/py311/lib/python3.11/site-packages/fla_npu/opp/vendors/fla_npu_transformer:/root/miniconda3/envs/py311/lib/python3.11/site-packages/fla_npu/opp/vendors/fla_npu_transformer:/root/miniconda3/envs/py311/lib/python3.11/site-packages/fla_npu/opp:/root/miniconda3/envs/py311/lib/python3.11/site-packages/fla_npu/opp/vendors/fla_npu_transformer
[2026-09-22 02:36:04,139] [INFO] [MainProcess] [3081] [opp_executor.py:102]  [case 2400][RUN OPP TASK] SUCCESS Execute OPP.
[2026-09-22 02:36:04,456] [INFO] [MainProcess] [3081] [opp_tasks.py:397]  [case 2400] SUCCESS run NPU OPP TASK.
[2026-09-22 02:36:04,457] [INFO] [MainProcess] [3081] [opp_tasks.py:370]  [case 2400] start run CPU OPP TASK.
[2026-09-22 02:36:04,458] [INFO] [MainProcess] [3081] [opp_tasks.py:317]  [case 2400] Use Single bm standard, inputs will set to upper dtype (Only support fp16/bf16)
[2026-09-22 02:36:04,458] [INFO] [MainProcess] [3081] [opp_executor.py:397]  [case 2400][RUN OPP TASK] START Init by input data.
[2026-09-22 02:36:04,458] [INFO] [MainProcess] [3081] [opp_executor.py:399]  [case 2400][RUN OPP TASK] SUCCESS Init by input data.
[2026-09-22 02:36:04,459] [INFO] [MainProcess] [3081] [opp_executor.py:76]  [case 2400][RUN OPP TASK] Start Execute OPP on ['accuracy']
[2026-09-22 02:36:04,751] [INFO] [MainProcess] [3081] [opp_executor.py:102]  [case 2400][RUN OPP TASK] SUCCESS Execute OPP.
[2026-09-22 02:36:05,020] [INFO] [MainProcess] [3081] [opp_tasks.py:397]  [case 2400] SUCCESS run CPU OPP TASK.
[2026-09-22 02:36:05,022] [INFO] [MainProcess] [3081] [opp_tasks.py:180]  [case 2400] start POST PROCESS, task:['accuracy'].
[2026-09-22 02:36:05,022] [INFO] [MainProcess] [3081] [opp_tasks.py:183]  [case 2400] use mixed_tolerance_bm Standard.
[2026-09-22 02:36:05,410] [INFO] [MainProcess] [3081] [opp_tasks.py:225]  [case 2400] SUCCESS POST PROCESS.
[2026-09-22 02:36:05,431] [INFO] [MainProcess] [3081] [reports.py:156]  
+----------------+-------------------------+----------------------------+--------------------------+-----------------------------+----------+
|    id_2400     | npu_npu_dut_input_bytes | cpu_cpu_golden_input_bytes | npu_npu_dut_output_bytes | cpu_cpu_golden_output_bytes | accuracy |
+----------------+-------------------------+----------------------------+--------------------------+-----------------------------+----------+
|  npu_npu_dut   |           None          |            None            |           None           |             None            |    -     |
| cpu_cpu_golden |                         |                            |                          |                             |   True   |
+----------------+-------------------------+----------------------------+--------------------------+-----------------------------+----------+
[2026-09-22 02:36:05,432] [INFO] [MainProcess] [3081] [opp_tasks.py:127]  [case 2400] start cleanup case artifacts, reason=celery_clean.
[2026-09-22 02:36:05,442] [INFO] [MainProcess] [3081] [opp_tasks.py:140]  [case 2400] SUCCESS cleanup case artifacts, reason=celery_clean.
[2026-09-22 02:36:05,442] [INFO] [MainProcess] [3081] [single_process_main.py:233]  report api name: atk_chunk_gated_delta_rule_fwd_prepare
[2026-09-22 02:36:05,444] [INFO] [MainProcess] [3081] [opp_tasks.py:232]  [case 2401] start CREATE DATASET.
[2026-09-22 02:36:05,446] [INFO] [MainProcess] [3081] [opp_tasks.py:255]  [case 2401] SUCCESS CREATE DATASET.
[2026-09-22 02:36:05,447] [INFO] [MainProcess] [3081] [opp_tasks.py:370]  [case 2401] start run NPU OPP TASK.
[2026-09-22 02:36:05,448] [INFO] [MainProcess] [3081] [opp_executor.py:397]  [case 2401][RUN OPP TASK] START Init by input data.
[2026-09-22 02:36:05,448] [INFO] [MainProcess] [3081] [opp_executor.py:399]  [case 2401][RUN OPP TASK] SUCCESS Init by input data.
[2026-09-22 02:36:05,448] [INFO] [MainProcess] [3081] [opp_executor.py:76]  [case 2401][RUN OPP TASK] Start Execute OPP on ['accuracy']
[2026-09-22 02:36:05,637] [INFO] [MainProcess] [3081] [opp_executor.py:102]  [case 2401][RUN OPP TASK] SUCCESS Execute OPP.
[2026-09-22 02:36:06,102] [INFO] [MainProcess] [3081] [opp_tasks.py:397]  [case 2401] SUCCESS run NPU OPP TASK.
[2026-09-22 02:36:06,104] [INFO] [MainProcess] [3081] [opp_tasks.py:370]  [case 2401] start run CPU OPP TASK.
[2026-09-22 02:36:06,105] [INFO] [MainProcess] [3081] [opp_tasks.py:317]  [case 2401] Use Single bm standard, inputs will set to upper dtype (Only support fp16/bf16)
[2026-09-22 02:36:06,106] [INFO] [MainProcess] [3081] [opp_executor.py:397]  [case 2401][RUN OPP TASK] START Init by input data.
[2026-09-22 02:36:06,106] [INFO] [MainProcess] [3081] [opp_executor.py:399]  [case 2401][RUN OPP TASK] SUCCESS Init by input data.
[2026-09-22 02:36:06,106] [INFO] [MainProcess] [3081] [opp_executor.py:76]  [case 2401][RUN OPP TASK] Start Execute OPP on ['accuracy']
[2026-09-22 02:36:06,372] [INFO] [MainProcess] [3081] [opp_executor.py:102]  [case 2401][RUN OPP TASK] SUCCESS Execute OPP.
[2026-09-22 02:36:06,633] [INFO] [MainProcess] [3081] [opp_tasks.py:397]  [case 2401] SUCCESS run CPU OPP TASK.
[2026-09-22 02:36:06,634] [INFO] [MainProcess] [3081] [opp_tasks.py:180]  [case 2401] start POST PROCESS, task:['accuracy'].
[2026-09-22 02:36:06,634] [INFO] [MainProcess] [3081] [opp_tasks.py:183]  [case 2401] use mixed_tolerance_bm Standard.
[2026-09-22 02:36:07,039] [INFO] [MainProcess] [3081] [opp_tasks.py:225]  [case 2401] SUCCESS POST PROCESS.
[2026-09-22 02:36:07,041] [INFO] [MainProcess] [3081] [reports.py:156]  
+----------------+-------------------------+----------------------------+--------------------------+-----------------------------+----------+
|    id_2401     | npu_npu_dut_input_bytes | cpu_cpu_golden_input_bytes | npu_npu_dut_output_bytes | cpu_cpu_golden_output_bytes | accuracy |
+----------------+-------------------------+----------------------------+--------------------------+-----------------------------+----------+
|  npu_npu_dut   |           None          |            None            |           None           |             None            |    -     |
| cpu_cpu_golden |                         |                            |                          |                             |   True   |
+----------------+-------------------------+----------------------------+--------------------------+-----------------------------+----------+
[2026-09-22 02:36:07,042] [INFO] [MainProcess] [3081] [opp_tasks.py:127]  [case 2401] start cleanup case artifacts, reason=celery_clean.
[2026-09-22 02:36:07,057] [INFO] [MainProcess] [3081] [opp_tasks.py:140]  [case 2401] SUCCESS cleanup case artifacts, reason=celery_clean.
[2026-09-22 02:36:07,057] [INFO] [MainProcess] [3081] [single_process_main.py:233]  report api name: atk_chunk_gated_delta_rule_fwd_prepare
[2026-09-22 02:36:07,059] [INFO] [MainProcess] [3081] [opp_tasks.py:232]  [case 2402] start CREATE DATASET.
[2026-09-22 02:36:07,061] [INFO] [MainProcess] [3081] [opp_tasks.py:255]  [case 2402] SUCCESS CREATE DATASET.
[2026-09-22 02:36:07,062] [INFO] [MainProcess] [3081] [opp_tasks.py:370]  [case 2402] start run NPU OPP TASK.
[2026-09-22 02:36:07,063] [INFO] [MainProcess] [3081] [opp_executor.py:397]  [case 2402][RUN OPP TASK] START Init by input data.
[2026-09-22 02:36:07,063] [INFO] [MainProcess] [3081] [opp_executor.py:399]  [case 2402][RUN OPP TASK] SUCCESS Init by input data.
[2026-09-22 02:36:07,064] [INFO] [MainProcess] [3081] [opp_executor.py:76]  [case 2402][RUN OPP TASK] Start Execute OPP on ['accuracy']
[2026-09-22 02:36:07,216] [INFO] [MainProcess] [3081] [opp_executor.py:102]  [case 2402][RUN OPP TASK] SUCCESS Execute OPP.
[2026-09-22 02:36:07,501] [INFO] [MainProcess] [3081] [opp_tasks.py:397]  [case 2402] SUCCESS run NPU OPP TASK.
[2026-09-22 02:36:07,502] [INFO] [MainProcess] [3081] [opp_tasks.py:370]  [case 2402] start run CPU OPP TASK.
[2026-09-22 02:36:07,503] [INFO] [MainProcess] [3081] [opp_tasks.py:317]  [case 2402] Use Single bm standard, inputs will set to upper dtype (Only support fp16/bf16)
[2026-09-22 02:36:07,504] [INFO] [MainProcess] [3081] [opp_executor.py:397]  [case 2402][RUN OPP TASK] START Init by input data.
[2026-09-22 02:36:07,504] [INFO] [MainProcess] [3081] [opp_executor.py:399]  [case 2402][RUN OPP TASK] SUCCESS Init by input data.
[2026-09-22 02:36:07,504] [INFO] [MainProcess] [3081] [opp_executor.py:76]  [case 2402][RUN OPP TASK] Start Execute OPP on ['accuracy']
[2026-09-22 02:36:07,781] [INFO] [MainProcess] [3081] [opp_executor.py:102]  [case 2402][RUN OPP TASK] SUCCESS Execute OPP.
[2026-09-22 02:36:08,072] [INFO] [MainProcess] [3081] [opp_tasks.py:397]  [case 2402] SUCCESS run CPU OPP TASK.
[2026-09-22 02:36:08,074] [INFO] [MainProcess] [3081] [opp_tasks.py:180]  [case 2402] start POST PROCESS, task:['accuracy'].
[2026-09-22 02:36:08,074] [INFO] [MainProcess] [3081] [opp_tasks.py:183]  [case 2402] use mixed_tolerance_bm Standard.
[2026-09-22 02:36:08,363] [INFO] [MainProcess] [3081] [opp_tasks.py:225]  [case 2402] SUCCESS POST PROCESS.
[2026-09-22 02:36:08,366] [INFO] [MainProcess] [3081] [reports.py:156]  
+----------------+-------------------------+----------------------------+--------------------------+-----------------------------+----------+
|    id_2402     | npu_npu_dut_input_bytes | cpu_cpu_golden_input_bytes | npu_npu_dut_output_bytes | cpu_cpu_golden_output_bytes | accuracy |
+----------------+-------------------------+----------------------------+--------------------------+-----------------------------+----------+
|  npu_npu_dut   |           None          |            None            |           None           |             None            |    -     |
| cpu_cpu_golden |                         |                            |                          |                             |   True   |
+----------------+-------------------------+----------------------------+--------------------------+-----------------------------+----------+
[2026-09-22 02:36:08,367] [INFO] [MainProcess] [3081] [opp_tasks.py:127]  [case 2402] start cleanup case artifacts, reason=celery_clean.
[2026-09-22 02:36:08,376] [INFO] [MainProcess] [3081] [opp_tasks.py:140]  [case 2402] SUCCESS cleanup case artifacts, reason=celery_clean.
[2026-09-22 02:36:08,376] [INFO] [MainProcess] [3081] [single_process_main.py:233]  report api name: atk_chunk_gated_delta_rule_fwd_prepare
[2026-09-22 02:36:08,378] [INFO] [MainProcess] [3081] [opp_tasks.py:232]  [case 2403] start CREATE DATASET.
[2026-09-22 02:36:08,379] [INFO] [MainProcess] [3081] [opp_tasks.py:255]  [case 2403] SUCCESS CREATE DATASET.
[2026-09-22 02:36:08,380] [INFO] [MainProcess] [3081] [opp_tasks.py:370]  [case 2403] start run NPU OPP TASK.
[2026-09-22 02:36:08,381] [INFO] [MainProcess] [3081] [opp_executor.py:397]  [case 2403][RUN OPP TASK] START Init by input data.
[2026-09-22 02:36:08,381] [INFO] [MainProcess] [3081] [opp_executor.py:399]  [case 2403][RUN OPP TASK] SUCCESS Init by input data.
[2026-09-22 02:36:08,381] [INFO] [MainProcess] [3081] [opp_executor.py:76]  [case 2403][RUN OPP TASK] Start Execute OPP on ['accuracy']
[2026-09-22 02:36:08,467] [INFO] [MainProcess] [3081] [opp_executor.py:102]  [case 2403][RUN OPP TASK] SUCCESS Execute OPP.
[2026-09-22 02:36:08,850] [INFO] [MainProcess] [3081] [opp_tasks.py:397]  [case 2403] SUCCESS run NPU OPP TASK.
[2026-09-22 02:36:08,851] [INFO] [MainProcess] [3081] [opp_tasks.py:370]  [case 2403] start run CPU OPP TASK.
[2026-09-22 02:36:08,852] [INFO] [MainProcess] [3081] [opp_tasks.py:317]  [case 2403] Use Single bm standard, inputs will set to upper dtype (Only support fp16/bf16)
[2026-09-22 02:36:08,853] [INFO] [MainProcess] [3081] [opp_executor.py:397]  [case 2403][RUN OPP TASK] START Init by input data.
[2026-09-22 02:36:08,853] [INFO] [MainProcess] [3081] [opp_executor.py:399]  [case 2403][RUN OPP TASK] SUCCESS Init by input data.
[2026-09-22 02:36:08,853] [INFO] [MainProcess] [3081] [opp_executor.py:76]  [case 2403][RUN OPP TASK] Start Execute OPP on ['accuracy']
[2026-09-22 02:36:09,007] [INFO] [MainProcess] [3081] [opp_executor.py:102]  [case 2403][RUN OPP TASK] SUCCESS Execute OPP.
[2026-09-22 02:36:09,288] [INFO] [MainProcess] [3081] [opp_tasks.py:397]  [case 2403] SUCCESS run CPU OPP TASK.
[2026-09-22 02:36:09,289] [INFO] [MainProcess] [3081] [opp_tasks.py:180]  [case 2403] start POST PROCESS, task:['accuracy'].
[2026-09-22 02:36:09,289] [INFO] [MainProcess] [3081] [opp_tasks.py:183]  [case 2403] use mixed_tolerance_bm Standard.
[2026-09-22 02:36:09,526] [INFO] [MainProcess] [3081] [opp_tasks.py:225]  [case 2403] SUCCESS POST PROCESS.
[2026-09-22 02:36:09,529] [INFO] [MainProcess] [3081] [reports.py:156]  
+----------------+-------------------------+----------------------------+--------------------------+-----------------------------+----------+
|    id_2403     | npu_npu_dut_input_bytes | cpu_cpu_golden_input_bytes | npu_npu_dut_output_bytes | cpu_cpu_golden_output_bytes | accuracy |
+----------------+-------------------------+----------------------------+--------------------------+-----------------------------+----------+
|  npu_npu_dut   |           None          |            None            |           None           |             None            |    -     |
| cpu_cpu_golden |                         |                            |                          |                             |   True   |
+----------------+-------------------------+----------------------------+--------------------------+-----------------------------+----------+
[2026-09-22 02:36:09,530] [INFO] [MainProcess] [3081] [opp_tasks.py:127]  [case 2403] start cleanup case artifacts, reason=celery_clean.
[2026-09-22 02:36:09,537] [INFO] [MainProcess] [3081] [opp_tasks.py:140]  [case 2403] SUCCESS cleanup case artifacts, reason=celery_clean.
[2026-09-22 02:36:09,537] [INFO] [MainProcess] [3081] [single_process_main.py:233]  report api name: atk_chunk_gated_delta_rule_fwd_prepare
[2026-09-22 02:36:09,538] [INFO] [MainProcess] [3081] [opp_tasks.py:232]  [case 2404] start CREATE DATASET.
[2026-09-22 02:36:09,540] [INFO] [MainProcess] [3081] [opp_tasks.py:255]  [case 2404] SUCCESS CREATE DATASET.
[2026-09-22 02:36:09,541] [INFO] [MainProcess] [3081] [opp_tasks.py:370]  [case 2404] start run NPU OPP TASK.
[2026-09-22 02:36:09,542] [INFO] [MainProcess] [3081] [opp_executor.py:397]  [case 2404][RUN OPP TASK] START Init by input data.
[2026-09-22 02:36:09,542] [INFO] [MainProcess] [3081] [opp_executor.py:399]  [case 2404][RUN OPP TASK] SUCCESS Init by input data.
[2026-09-22 02:36:09,542] [INFO] [MainProcess] [3081] [opp_executor.py:76]  [case 2404][RUN OPP TASK] Start Execute OPP on ['accuracy']
[2026-09-22 02:36:09,660] [INFO] [MainProcess] [3081] [opp_executor.py:102]  [case 2404][RUN OPP TASK] SUCCESS Execute OPP.
[2026-09-22 02:36:10,029] [INFO] [MainProcess] [3081] [opp_tasks.py:397]  [case 2404] SUCCESS run NPU OPP TASK.
[2026-09-22 02:36:10,031] [INFO] [MainProcess] [3081] [opp_tasks.py:370]  [case 2404] start run CPU OPP TASK.
[2026-09-22 02:36:10,032] [INFO] [MainProcess] [3081] [opp_tasks.py:317]  [case 2404] Use Single bm standard, inputs will set to upper dtype (Only support fp16/bf16)
[2026-09-22 02:36:10,032] [INFO] [MainProcess] [3081] [opp_executor.py:397]  [case 2404][RUN OPP TASK] START Init by input data.
[2026-09-22 02:36:10,032] [INFO] [MainProcess] [3081] [opp_executor.py:399]  [case 2404][RUN OPP TASK] SUCCESS Init by input data.
[2026-09-22 02:36:10,032] [INFO] [MainProcess] [3081] [opp_executor.py:76]  [case 2404][RUN OPP TASK] Start Execute OPP on ['accuracy']
[2026-09-22 02:36:10,202] [INFO] [MainProcess] [3081] [opp_executor.py:102]  [case 2404][RUN OPP TASK] SUCCESS Execute OPP.
[2026-09-22 02:36:10,459] [INFO] [MainProcess] [3081] [opp_tasks.py:397]  [case 2404] SUCCESS run CPU OPP TASK.
[2026-09-22 02:36:10,460] [INFO] [MainProcess] [3081] [opp_tasks.py:180]  [case 2404] start POST PROCESS, task:['accuracy'].
[2026-09-22 02:36:10,460] [INFO] [MainProcess] [3081] [opp_tasks.py:183]  [case 2404] use mixed_tolerance_bm Standard.
[2026-09-22 02:36:10,637] [INFO] [MainProcess] [3081] [opp_tasks.py:225]  [case 2404] SUCCESS POST PROCESS.
[2026-09-22 02:36:10,639] [INFO] [MainProcess] [3081] [reports.py:156]  
+----------------+-------------------------+----------------------------+--------------------------+-----------------------------+----------+
|    id_2404     | npu_npu_dut_input_bytes | cpu_cpu_golden_input_bytes | npu_npu_dut_output_bytes | cpu_cpu_golden_output_bytes | accuracy |
+----------------+-------------------------+----------------------------+--------------------------+-----------------------------+----------+
|  npu_npu_dut   |           None          |            None            |           None           |             None            |    -     |
| cpu_cpu_golden |                         |                            |                          |                             |   True   |
+----------------+-------------------------+----------------------------+--------------------------+-----------------------------+----------+
[2026-09-22 02:36:10,640] [INFO] [MainProcess] [3081] [opp_tasks.py:127]  [case 2404] start cleanup case artifacts, reason=celery_clean.
[2026-09-22 02:36:10,649] [INFO] [MainProcess] [3081] [opp_tasks.py:140]  [case 2404] SUCCESS cleanup case artifacts, reason=celery_clean.
[2026-09-22 02:36:10,649] [INFO] [MainProcess] [3081] [single_process_main.py:233]  report api name: atk_chunk_gated_delta_rule_fwd_prepare
[2026-09-22 02:36:10,651] [INFO] [MainProcess] [3081] [opp_tasks.py:232]  [case 2405] start CREATE DATASET.
[2026-09-22 02:36:10,652] [INFO] [MainProcess] [3081] [opp_tasks.py:255]  [case 2405] SUCCESS CREATE DATASET.
[2026-09-22 02:36:10,653] [INFO] [MainProcess] [3081] [opp_tasks.py:370]  [case 2405] start run NPU OPP TASK.
[2026-09-22 02:36:10,654] [INFO] [MainProcess] [3081] [opp_executor.py:397]  [case 2405][RUN OPP TASK] START Init by input data.
[2026-09-22 02:36:10,654] [INFO] [MainProcess] [3081] [opp_executor.py:399]  [case 2405][RUN OPP TASK] SUCCESS Init by input data.
[2026-09-22 02:36:10,654] [INFO] [MainProcess] [3081] [opp_executor.py:76]  [case 2405][RUN OPP TASK] Start Execute OPP on ['accuracy']
[2026-09-22 02:36:10,768] [INFO] [MainProcess] [3081] [opp_executor.py:102]  [case 2405][RUN OPP TASK] SUCCESS Execute OPP.
[2026-09-22 02:36:11,426] [INFO] [MainProcess] [3081] [opp_tasks.py:397]  [case 2405] SUCCESS run NPU OPP TASK.
[2026-09-22 02:36:11,428] [INFO] [MainProcess] [3081] [opp_tasks.py:370]  [case 2405] start run CPU OPP TASK.
[2026-09-22 02:36:11,429] [INFO] [MainProcess] [3081] [opp_tasks.py:317]  [case 2405] Use Single bm standard, inputs will set to upper dtype (Only support fp16/bf16)
[2026-09-22 02:36:11,429] [INFO] [MainProcess] [3081] [opp_executor.py:397]  [case 2405][RUN OPP TASK] START Init by input data.
[2026-09-22 02:36:11,430] [INFO] [MainProcess] [3081] [opp_executor.py:399]  [case 2405][RUN OPP TASK] SUCCESS Init by input data.
[2026-09-22 02:36:11,430] [INFO] [MainProcess] [3081] [opp_executor.py:76]  [case 2405][RUN OPP TASK] Start Execute OPP on ['accuracy']
[2026-09-22 02:36:11,573] [INFO] [MainProcess] [3081] [opp_executor.py:102]  [case 2405][RUN OPP TASK] SUCCESS Execute OPP.
[2026-09-22 02:36:11,832] [INFO] [MainProcess] [3081] [opp_tasks.py:397]  [case 2405] SUCCESS run CPU OPP TASK.
[2026-09-22 02:36:11,833] [INFO] [MainProcess] [3081] [opp_tasks.py:180]  [case 2405] start POST PROCESS, task:['accuracy'].
[2026-09-22 02:36:11,834] [INFO] [MainProcess] [3081] [opp_tasks.py:183]  [case 2405] use mixed_tolerance_bm Standard.
[2026-09-22 02:36:12,018] [INFO] [MainProcess] [3081] [opp_tasks.py:225]  [case 2405] SUCCESS POST PROCESS.
[2026-09-22 02:36:12,020] [INFO] [MainProcess] [3081] [reports.py:156]  
+----------------+-------------------------+----------------------------+--------------------------+-----------------------------+----------+
|    id_2405     | npu_npu_dut_input_bytes | cpu_cpu_golden_input_bytes | npu_npu_dut_output_bytes | cpu_cpu_golden_output_bytes | accuracy |
+----------------+-------------------------+----------------------------+--------------------------+-----------------------------+----------+
|  npu_npu_dut   |           None          |            None            |           None           |             None            |    -     |
| cpu_cpu_golden |                         |                            |                          |                             |   True   |
+----------------+-------------------------+----------------------------+--------------------------+-----------------------------+----------+
[2026-09-22 02:36:12,021] [INFO] [MainProcess] [3081] [opp_tasks.py:127]  [case 2405] start cleanup case artifacts, reason=celery_clean.
[2026-09-22 02:36:12,030] [INFO] [MainProcess] [3081] [opp_tasks.py:140]  [case 2405] SUCCESS cleanup case artifacts, reason=celery_clean.
[2026-09-22 02:36:12,030] [INFO] [MainProcess] [3081] [single_process_main.py:233]  report api name: atk_chunk_gated_delta_rule_fwd_prepare
[2026-09-22 02:36:12,031] [INFO] [MainProcess] [3081] [opp_tasks.py:232]  [case 2406] start CREATE DATASET.
[2026-09-22 02:36:12,032] [INFO] [MainProcess] [3081] [opp_tasks.py:255]  [case 2406] SUCCESS CREATE DATASET.
[2026-09-22 02:36:12,033] [INFO] [MainProcess] [3081] [opp_tasks.py:370]  [case 2406] start run NPU OPP TASK.
[2026-09-22 02:36:12,034] [INFO] [MainProcess] [3081] [opp_executor.py:397]  [case 2406][RUN OPP TASK] START Init by input data.
[2026-09-22 02:36:12,034] [INFO] [MainProcess] [3081] [opp_executor.py:399]  [case 2406][RUN OPP TASK] SUCCESS Init by input data.
[2026-09-22 02:36:12,034] [INFO] [MainProcess] [3081] [opp_executor.py:76]  [case 2406][RUN OPP TASK] Start Execute OPP on ['accuracy']
[2026-09-22 02:36:12,103] [INFO] [MainProcess] [3081] [opp_executor.py:102]  [case 2406][RUN OPP TASK] SUCCESS Execute OPP.
[2026-09-22 02:36:12,364] [INFO] [MainProcess] [3081] [opp_tasks.py:397]  [case 2406] SUCCESS run NPU OPP TASK.
[2026-09-22 02:36:12,365] [INFO] [MainProcess] [3081] [opp_tasks.py:370]  [case 2406] start run CPU OPP TASK.
[2026-09-22 02:36:12,366] [INFO] [MainProcess] [3081] [opp_tasks.py:317]  [case 2406] Use Single bm standard, inputs will set to upper dtype (Only support fp16/bf16)
[2026-09-22 02:36:12,366] [INFO] [MainProcess] [3081] [opp_executor.py:397]  [case 2406][RUN OPP TASK] START Init by input data.
[2026-09-22 02:36:12,366] [INFO] [MainProcess] [3081] [opp_executor.py:399]  [case 2406][RUN OPP TASK] SUCCESS Init by input data.
[2026-09-22 02:36:12,367] [INFO] [MainProcess] [3081] [opp_executor.py:76]  [case 2406][RUN OPP TASK] Start Execute OPP on ['accuracy']
[2026-09-22 02:36:12,484] [INFO] [MainProcess] [3081] [opp_executor.py:102]  [case 2406][RUN OPP TASK] SUCCESS Execute OPP.
[2026-09-22 02:36:12,743] [INFO] [MainProcess] [3081] [opp_tasks.py:397]  [case 2406] SUCCESS run CPU OPP TASK.
[2026-09-22 02:36:12,745] [INFO] [MainProcess] [3081] [opp_tasks.py:180]  [case 2406] start POST PROCESS, task:['accuracy'].
[2026-09-22 02:36:12,745] [INFO] [MainProcess] [3081] [opp_tasks.py:183]  [case 2406] use mixed_tolerance_bm Standard.
[2026-09-22 02:36:12,933] [INFO] [MainProcess] [3081] [opp_tasks.py:225]  [case 2406] SUCCESS POST PROCESS.
[2026-09-22 02:36:12,935] [INFO] [MainProcess] [3081] [reports.py:156]  
+----------------+-------------------------+----------------------------+--------------------------+-----------------------------+----------+
|    id_2406     | npu_npu_dut_input_bytes | cpu_cpu_golden_input_bytes | npu_npu_dut_output_bytes | cpu_cpu_golden_output_bytes | accuracy |
+----------------+-------------------------+----------------------------+--------------------------+-----------------------------+----------+
|  npu_npu_dut   |           None          |            None            |           None           |             None            |    -     |
| cpu_cpu_golden |                         |                            |                          |                             |   True   |
+----------------+-------------------------+----------------------------+--------------------------+-----------------------------+----------+
[2026-09-22 02:36:12,935] [INFO] [MainProcess] [3081] [opp_tasks.py:127]  [case 2406] start cleanup case artifacts, reason=celery_clean.
[2026-09-22 02:36:12,942] [INFO] [MainProcess] [3081] [opp_tasks.py:140]  [case 2406] SUCCESS cleanup case artifacts, reason=celery_clean.
[2026-09-22 02:36:12,942] [INFO] [MainProcess] [3081] [single_process_main.py:233]  report api name: atk_chunk_gated_delta_rule_fwd_prepare
[2026-09-22 02:36:12,943] [INFO] [MainProcess] [3081] [opp_tasks.py:232]  [case 2407] start CREATE DATASET.
[2026-09-22 02:36:12,944] [INFO] [MainProcess] [3081] [opp_tasks.py:255]  [case 2407] SUCCESS CREATE DATASET.
[2026-09-22 02:36:12,945] [INFO] [MainProcess] [3081] [opp_tasks.py:370]  [case 2407] start run NPU OPP TASK.
[2026-09-22 02:36:12,946] [INFO] [MainProcess] [3081] [opp_executor.py:397]  [case 2407][RUN OPP TASK] START Init by input data.
[2026-09-22 02:36:12,946] [INFO] [MainProcess] [3081] [opp_executor.py:399]  [case 2407][RUN OPP TASK] SUCCESS Init by input data.
[2026-09-22 02:36:12,946] [INFO] [MainProcess] [3081] [opp_executor.py:76]  [case 2407][RUN OPP TASK] Start Execute OPP on ['accuracy']
[2026-09-22 02:36:13,026] [INFO] [MainProcess] [3081] [opp_executor.py:102]  [case 2407][RUN OPP TASK] SUCCESS Execute OPP.
[2026-09-22 02:36:13,299] [INFO] [MainProcess] [3081] [opp_tasks.py:397]  [case 2407] SUCCESS run NPU OPP TASK.
[2026-09-22 02:36:13,300] [INFO] [MainProcess] [3081] [opp_tasks.py:370]  [case 2407] start run CPU OPP TASK.
[2026-09-22 02:36:13,301] [INFO] [MainProcess] [3081] [opp_tasks.py:317]  [case 2407] Use Single bm standard, inputs will set to upper dtype (Only support fp16/bf16)
[2026-09-22 02:36:13,301] [INFO] [MainProcess] [3081] [opp_executor.py:397]  [case 2407][RUN OPP TASK] START Init by input data.
[2026-09-22 02:36:13,301] [INFO] [MainProcess] [3081] [opp_executor.py:399]  [case 2407][RUN OPP TASK] SUCCESS Init by input data.
[2026-09-22 02:36:13,301] [INFO] [MainProcess] [3081] [opp_executor.py:76]  [case 2407][RUN OPP TASK] Start Execute OPP on ['accuracy']
[2026-09-22 02:36:13,517] [INFO] [MainProcess] [3081] [opp_executor.py:102]  [case 2407][RUN OPP TASK] SUCCESS Execute OPP.
[2026-09-22 02:36:13,814] [INFO] [MainProcess] [3081] [opp_tasks.py:397]  [case 2407] SUCCESS run CPU OPP TASK.
[2026-09-22 02:36:13,816] [INFO] [MainProcess] [3081] [opp_tasks.py:180]  [case 2407] start POST PROCESS, task:['accuracy'].
[2026-09-22 02:36:13,816] [INFO] [MainProcess] [3081] [opp_tasks.py:183]  [case 2407] use mixed_tolerance_bm Standard.
[2026-09-22 02:36:13,954] [INFO] [MainProcess] [3081] [opp_tasks.py:225]  [case 2407] SUCCESS POST PROCESS.
[2026-09-22 02:36:13,957] [INFO] [MainProcess] [3081] [reports.py:156]  
+----------------+-------------------------+----------------------------+--------------------------+-----------------------------+----------+
|    id_2407     | npu_npu_dut_input_bytes | cpu_cpu_golden_input_bytes | npu_npu_dut_output_bytes | cpu_cpu_golden_output_bytes | accuracy |
+----------------+-------------------------+----------------------------+--------------------------+-----------------------------+----------+
|  npu_npu_dut   |           None          |            None            |           None           |             None            |    -     |
| cpu_cpu_golden |                         |                            |                          |                             |   True   |
+----------------+-------------------------+----------------------------+--------------------------+-----------------------------+----------+
[2026-09-22 02:36:13,958] [INFO] [MainProcess] [3081] [opp_tasks.py:127]  [case 2407] start cleanup case artifacts, reason=celery_clean.
[2026-09-22 02:36:13,968] [INFO] [MainProcess] [3081] [opp_tasks.py:140]  [case 2407] SUCCESS cleanup case artifacts, reason=celery_clean.
[2026-09-22 02:36:13,968] [INFO] [MainProcess] [3081] [single_process_main.py:233]  report api name: atk_chunk_gated_delta_rule_fwd_prepare
[2026-09-22 02:36:13,970] [INFO] [MainProcess] [3081] [opp_tasks.py:232]  [case 2408] start CREATE DATASET.
[2026-09-22 02:36:13,971] [INFO] [MainProcess] [3081] [opp_tasks.py:255]  [case 2408] SUCCESS CREATE DATASET.
[2026-09-22 02:36:13,972] [INFO] [MainProcess] [3081] [opp_tasks.py:370]  [case 2408] start run NPU OPP TASK.
[2026-09-22 02:36:13,973] [INFO] [MainProcess] [3081] [opp_executor.py:397]  [case 2408][RUN OPP TASK] START Init by input data.
[2026-09-22 02:36:13,973] [INFO] [MainProcess] [3081] [opp_executor.py:399]  [case 2408][RUN OPP TASK] SUCCESS Init by input data.
[2026-09-22 02:36:13,973] [INFO] [MainProcess] [3081] [opp_executor.py:76]  [case 2408][RUN OPP TASK] Start Execute OPP on ['accuracy']
[2026-09-22 02:36:14,095] [INFO] [MainProcess] [3081] [opp_executor.py:102]  [case 2408][RUN OPP TASK] SUCCESS Execute OPP.
[2026-09-22 02:36:14,364] [INFO] [MainProcess] [3081] [opp_tasks.py:397]  [case 2408] SUCCESS run NPU OPP TASK.
[2026-09-22 02:36:14,365] [INFO] [MainProcess] [3081] [opp_tasks.py:370]  [case 2408] start run CPU OPP TASK.
[2026-09-22 02:36:14,366] [INFO] [MainProcess] [3081] [opp_tasks.py:317]  [case 2408] Use Single bm standard, inputs will set to upper dtype (Only support fp16/bf16)
[2026-09-22 02:36:14,366] [INFO] [MainProcess] [3081] [opp_executor.py:397]  [case 2408][RUN OPP TASK] START Init by input data.
[2026-09-22 02:36:14,366] [INFO] [MainProcess] [3081] [opp_executor.py:399]  [case 2408][RUN OPP TASK] SUCCESS Init by input data.
[2026-09-22 02:36:14,366] [INFO] [MainProcess] [3081] [opp_executor.py:76]  [case 2408][RUN OPP TASK] Start Execute OPP on ['accuracy']
[2026-09-22 02:36:14,496] [INFO] [MainProcess] [3081] [opp_executor.py:102]  [case 2408][RUN OPP TASK] SUCCESS Execute OPP.
[2026-09-22 02:36:14,753] [INFO] [MainProcess] [3081] [opp_tasks.py:397]  [case 2408] SUCCESS run CPU OPP TASK.
[2026-09-22 02:36:14,754] [INFO] [MainProcess] [3081] [opp_tasks.py:180]  [case 2408] start POST PROCESS, task:['accuracy'].
[2026-09-22 02:36:14,754] [INFO] [MainProcess] [3081] [opp_tasks.py:183]  [case 2408] use mixed_tolerance_bm Standard.
[2026-09-22 02:36:14,950] [INFO] [MainProcess] [3081] [opp_tasks.py:225]  [case 2408] SUCCESS POST PROCESS.
[2026-09-22 02:36:14,953] [INFO] [MainProcess] [3081] [reports.py:156]  
+----------------+-------------------------+----------------------------+--------------------------+-----------------------------+----------+
|    id_2408     | npu_npu_dut_input_bytes | cpu_cpu_golden_input_bytes | npu_npu_dut_output_bytes | cpu_cpu_golden_output_bytes | accuracy |
+----------------+-------------------------+----------------------------+--------------------------+-----------------------------+----------+
|  npu_npu_dut   |           None          |            None            |           None           |             None            |    -     |
| cpu_cpu_golden |                         |                            |                          |                             |   True   |
+----------------+-------------------------+----------------------------+--------------------------+-----------------------------+----------+
[2026-09-22 02:36:14,954] [INFO] [MainProcess] [3081] [opp_tasks.py:127]  [case 2408] start cleanup case artifacts, reason=celery_clean.
[2026-09-22 02:36:14,961] [INFO] [MainProcess] [3081] [opp_tasks.py:140]  [case 2408] SUCCESS cleanup case artifacts, reason=celery_clean.
[2026-09-22 02:36:14,961] [INFO] [MainProcess] [3081] [single_process_main.py:233]  report api name: atk_chunk_gated_delta_rule_fwd_prepare
[2026-09-22 02:36:14,962] [INFO] [MainProcess] [3081] [opp_tasks.py:232]  [case 2409] start CREATE DATASET.
[2026-09-22 02:36:14,964] [INFO] [MainProcess] [3081] [opp_tasks.py:255]  [case 2409] SUCCESS CREATE DATASET.
[2026-09-22 02:36:14,964] [INFO] [MainProcess] [3081] [opp_tasks.py:370]  [case 2409] start run NPU OPP TASK.
[2026-09-22 02:36:14,965] [INFO] [MainProcess] [3081] [opp_executor.py:397]  [case 2409][RUN OPP TASK] START Init by input data.
[2026-09-22 02:36:14,965] [INFO] [MainProcess] [3081] [opp_executor.py:399]  [case 2409][RUN OPP TASK] SUCCESS Init by input data.
[2026-09-22 02:36:14,965] [INFO] [MainProcess] [3081] [opp_executor.py:76]  [case 2409][RUN OPP TASK] Start Execute OPP on ['accuracy']
[2026-09-22 02:36:15,092] [INFO] [MainProcess] [3081] [opp_executor.py:102]  [case 2409][RUN OPP TASK] SUCCESS Execute OPP.
[2026-09-22 02:36:15,359] [INFO] [MainProcess] [3081] [opp_tasks.py:397]  [case 2409] SUCCESS run NPU OPP TASK.
[2026-09-22 02:36:15,360] [INFO] [MainProcess] [3081] [opp_tasks.py:370]  [case 2409] start run CPU OPP TASK.
[2026-09-22 02:36:15,361] [INFO] [MainProcess] [3081] [opp_tasks.py:317]  [case 2409] Use Single bm standard, inputs will set to upper dtype (Only support fp16/bf16)
[2026-09-22 02:36:15,361] [INFO] [MainProcess] [3081] [opp_executor.py:397]  [case 2409][RUN OPP TASK] START Init by input data.
[2026-09-22 02:36:15,361] [INFO] [MainProcess] [3081] [opp_executor.py:399]  [case 2409][RUN OPP TASK] SUCCESS Init by input data.
[2026-09-22 02:36:15,361] [INFO] [MainProcess] [3081] [opp_executor.py:76]  [case 2409][RUN OPP TASK] Start Execute OPP on ['accuracy']
[2026-09-22 02:36:15,529] [INFO] [MainProcess] [3081] [opp_executor.py:102]  [case 2409][RUN OPP TASK] SUCCESS Execute OPP.
[2026-09-22 02:36:16,099] [INFO] [MainProcess] [3081] [opp_tasks.py:397]  [case 2409] SUCCESS run CPU OPP TASK.
[2026-09-22 02:36:16,101] [INFO] [MainProcess] [3081] [opp_tasks.py:180]  [case 2409] start POST PROCESS, task:['accuracy'].
[2026-09-22 02:36:16,101] [INFO] [MainProcess] [3081] [opp_tasks.py:183]  [case 2409] use mixed_tolerance_bm Standard.
[2026-09-22 02:36:16,308] [INFO] [MainProcess] [3081] [opp_tasks.py:225]  [case 2409] SUCCESS POST PROCESS.
[2026-09-22 02:36:16,310] [INFO] [MainProcess] [3081] [reports.py:156]  
+----------------+-------------------------+----------------------------+--------------------------+-----------------------------+----------+
|    id_2409     | npu_npu_dut_input_bytes | cpu_cpu_golden_input_bytes | npu_npu_dut_output_bytes | cpu_cpu_golden_output_bytes | accuracy |
+----------------+-------------------------+----------------------------+--------------------------+-----------------------------+----------+
|  npu_npu_dut   |           None          |            None            |           None           |             None            |    -     |
| cpu_cpu_golden |                         |                            |                          |                             |   True   |
+----------------+-------------------------+----------------------------+--------------------------+-----------------------------+----------+
[2026-09-22 02:36:16,311] [INFO] [MainProcess] [3081] [opp_tasks.py:127]  [case 2409] start cleanup case artifacts, reason=celery_clean.
[2026-09-22 02:36:16,318] [INFO] [MainProcess] [3081] [opp_tasks.py:140]  [case 2409] SUCCESS cleanup case artifacts, reason=celery_clean.
[2026-09-22 02:36:16,319] [INFO] [MainProcess] [3081] [single_process_main.py:233]  report api name: atk_chunk_gated_delta_rule_fwd_prepare
[2026-09-22 02:36:16,320] [INFO] [MainProcess] [3081] [opp_tasks.py:232]  [case 2410] start CREATE DATASET.
[2026-09-22 02:36:16,321] [INFO] [MainProcess] [3081] [opp_tasks.py:255]  [case 2410] SUCCESS CREATE DATASET.
[2026-09-22 02:36:16,321] [INFO] [MainProcess] [3081] [opp_tasks.py:370]  [case 2410] start run NPU OPP TASK.
[2026-09-22 02:36:16,322] [INFO] [MainProcess] [3081] [opp_executor.py:397]  [case 2410][RUN OPP TASK] START Init by input data.
[2026-09-22 02:36:16,322] [INFO] [MainProcess] [3081] [opp_executor.py:399]  [case 2410][RUN OPP TASK] SUCCESS Init by input data.
[2026-09-22 02:36:16,322] [INFO] [MainProcess] [3081] [opp_executor.py:76]  [case 2410][RUN OPP TASK] Start Execute OPP on ['accuracy']
[2026-09-22 02:36:16,424] [INFO] [MainProcess] [3081] [opp_executor.py:102]  [case 2410][RUN OPP TASK] SUCCESS Execute OPP.
[2026-09-22 02:36:16,788] [INFO] [MainProcess] [3081] [opp_tasks.py:397]  [case 2410] SUCCESS run NPU OPP TASK.
[2026-09-22 02:36:16,789] [INFO] [MainProcess] [3081] [opp_tasks.py:370]  [case 2410] start run CPU OPP TASK.
[2026-09-22 02:36:16,790] [INFO] [MainProcess] [3081] [opp_tasks.py:317]  [case 2410] Use Single bm standard, inputs will set to upper dtype (Only support fp16/bf16)
[2026-09-22 02:36:16,790] [INFO] [MainProcess] [3081] [opp_executor.py:397]  [case 2410][RUN OPP TASK] START Init by input data.
[2026-09-22 02:36:16,790] [INFO] [MainProcess] [3081] [opp_executor.py:399]  [case 2410][RUN OPP TASK] SUCCESS Init by input data.
[2026-09-22 02:36:16,790] [INFO] [MainProcess] [3081] [opp_executor.py:76]  [case 2410][RUN OPP TASK] Start Execute OPP on ['accuracy']
[2026-09-22 02:36:17,005] [INFO] [MainProcess] [3081] [opp_executor.py:102]  [case 2410][RUN OPP TASK] SUCCESS Execute OPP.
[2026-09-22 02:36:17,282] [INFO] [MainProcess] [3081] [opp_tasks.py:397]  [case 2410] SUCCESS run CPU OPP TASK.
[2026-09-22 02:36:17,289] [INFO] [MainProcess] [3081] [opp_tasks.py:180]  [case 2410] start POST PROCESS, task:['accuracy'].
[2026-09-22 02:36:17,290] [INFO] [MainProcess] [3081] [opp_tasks.py:183]  [case 2410] use mixed_tolerance_bm Standard.
[2026-09-22 02:36:17,441] [INFO] [MainProcess] [3081] [opp_tasks.py:225]  [case 2410] SUCCESS POST PROCESS.
[2026-09-22 02:36:17,443] [INFO] [MainProcess] [3081] [reports.py:156]  
+----------------+-------------------------+----------------------------+--------------------------+-----------------------------+----------+
|    id_2410     | npu_npu_dut_input_bytes | cpu_cpu_golden_input_bytes | npu_npu_dut_output_bytes | cpu_cpu_golden_output_bytes | accuracy |
+----------------+-------------------------+----------------------------+--------------------------+-----------------------------+----------+
|  npu_npu_dut   |           None          |            None            |           None           |             None            |    -     |
| cpu_cpu_golden |                         |                            |                          |                             |   True   |
+----------------+-------------------------+----------------------------+--------------------------+-----------------------------+----------+
[2026-09-22 02:36:17,444] [INFO] [MainProcess] [3081] [opp_tasks.py:127]  [case 2410] start cleanup case artifacts, reason=celery_clean.
[2026-09-22 02:36:17,451] [INFO] [MainProcess] [3081] [opp_tasks.py:140]  [case 2410] SUCCESS cleanup case artifacts, reason=celery_clean.
[2026-09-22 02:36:17,452] [INFO] [MainProcess] [3081] [single_process_main.py:233]  report api name: atk_chunk_gated_delta_rule_fwd_prepare
[2026-09-22 02:36:17,453] [INFO] [MainProcess] [3081] [opp_tasks.py:232]  [case 2411] start CREATE DATASET.
[2026-09-22 02:36:17,454] [INFO] [MainProcess] [3081] [opp_tasks.py:255]  [case 2411] SUCCESS CREATE DATASET.
[2026-09-22 02:36:17,455] [INFO] [MainProcess] [3081] [opp_tasks.py:370]  [case 2411] start run NPU OPP TASK.
[2026-09-22 02:36:17,456] [INFO] [MainProcess] [3081] [opp_executor.py:397]  [case 2411][RUN OPP TASK] START Init by input data.
[2026-09-22 02:36:17,456] [INFO] [MainProcess] [3081] [opp_executor.py:399]  [case 2411][RUN OPP TASK] SUCCESS Init by input data.
[2026-09-22 02:36:17,456] [INFO] [MainProcess] [3081] [opp_executor.py:76]  [case 2411][RUN OPP TASK] Start Execute OPP on ['accuracy']
[2026-09-22 02:36:17,520] [INFO] [MainProcess] [3081] [opp_executor.py:102]  [case 2411][RUN OPP TASK] SUCCESS Execute OPP.
[2026-09-22 02:36:17,799] [INFO] [MainProcess] [3081] [opp_tasks.py:397]  [case 2411] SUCCESS run NPU OPP TASK.
[2026-09-22 02:36:17,800] [INFO] [MainProcess] [3081] [opp_tasks.py:370]  [case 2411] start run CPU OPP TASK.
[2026-09-22 02:36:17,801] [INFO] [MainProcess] [3081] [opp_tasks.py:317]  [case 2411] Use Single bm standard, inputs will set to upper dtype (Only support fp16/bf16)
[2026-09-22 02:36:17,801] [INFO] [MainProcess] [3081] [opp_executor.py:397]  [case 2411][RUN OPP TASK] START Init by input data.
[2026-09-22 02:36:17,801] [INFO] [MainProcess] [3081] [opp_executor.py:399]  [case 2411][RUN OPP TASK] SUCCESS Init by input data.
[2026-09-22 02:36:17,801] [INFO] [MainProcess] [3081] [opp_executor.py:76]  [case 2411][RUN OPP TASK] Start Execute OPP on ['accuracy']
[2026-09-22 02:36:17,903] [INFO] [MainProcess] [3081] [opp_executor.py:102]  [case 2411][RUN OPP TASK] SUCCESS Execute OPP.
[2026-09-22 02:36:18,182] [INFO] [MainProcess] [3081] [opp_tasks.py:397]  [case 2411] SUCCESS run CPU OPP TASK.
[2026-09-22 02:36:18,184] [INFO] [MainProcess] [3081] [opp_tasks.py:180]  [case 2411] start POST PROCESS, task:['accuracy'].
[2026-09-22 02:36:18,184] [INFO] [MainProcess] [3081] [opp_tasks.py:183]  [case 2411] use mixed_tolerance_bm Standard.
[2026-09-22 02:36:18,361] [INFO] [MainProcess] [3081] [opp_tasks.py:225]  [case 2411] SUCCESS POST PROCESS.
[2026-09-22 02:36:18,363] [INFO] [MainProcess] [3081] [reports.py:156]  
+----------------+-------------------------+----------------------------+--------------------------+-----------------------------+----------+
|    id_2411     | npu_npu_dut_input_bytes | cpu_cpu_golden_input_bytes | npu_npu_dut_output_bytes | cpu_cpu_golden_output_bytes | accuracy |
+----------------+-------------------------+----------------------------+--------------------------+-----------------------------+----------+
|  npu_npu_dut   |           None          |            None            |           None           |             None            |    -     |
| cpu_cpu_golden |                         |                            |                          |                             |   True   |
+----------------+-------------------------+----------------------------+--------------------------+-----------------------------+----------+
[2026-09-22 02:36:18,363] [INFO] [MainProcess] [3081] [opp_tasks.py:127]  [case 2411] start cleanup case artifacts, reason=celery_clean.
[2026-09-22 02:36:18,370] [INFO] [MainProcess] [3081] [opp_tasks.py:140]  [case 2411] SUCCESS cleanup case artifacts, reason=celery_clean.
[2026-09-22 02:36:18,374] [INFO] [MainProcess] [3081] [csv_report.py:872]  
+----------------+----------+------------------+------------------+--------------+----------------------+--------+--------------+
|      名称      | 总用例数 | 执行成功用例个数 | 执行失败用例个数 | 通过用例个数 | 错误信息匹配用例个数 | 通过率 | 精度是否达标 |
+----------------+----------+------------------+------------------+--------------+----------------------+--------+--------------+
| cpu_cpu_golden |    12    |        12        |        0         |      12      |          0           | 100.0  |     Pass     |
+----------------+----------+------------------+------------------+--------------+----------------------+--------+--------------+
[2026-09-22 02:36:18,374] [INFO] [MainProcess] [3081] [csv_report.py:741]  Total Task: 12, success 12, failed 0
[2026-09-22 02:36:18,374] [INFO] [MainProcess] [3081] [csv_report.py:742]  Summary info: acc_pass_result:Pass	is_acc_dc_pass:None	is_e2e_perf_pass:None	is_benchmark_perf_pass:None	is_device_perf_pass:None	is_device_memory_pass:None	is_memory_check_pass:None .
[2026-09-22 02:36:18,386] [INFO] [MainProcess] [3081] [csv_report.py:911]  save result excel file: /data/w00933206/ops/flash-linear-attention-npu/atk_output_prepare_stable_scope/b2400_2412/accuracy/atk_output/atk_chunk_gated_delta_rule_fwd_prepare_2026-09-22-10-36-01-644483/report/atk_chunk_gated_delta_rule_fwd_prepare_reports_2026-09-22-02-36-01.xlsx
[2026-09-22 02:36:18,387] [INFO] [MainProcess] [3081] [base.py:246]  atk task success!
[2026-09-22 02:36:18,393] [INFO] [MainProcess] [3081] [base.py:250]  atk task finish. cost time: 16 s
